[     171ms] [INFO] %cDownload the React DevTools for a better development experience: https://react.dev/link/react-devtools font-weight:bold @ http://localhost:3000/_next/static/chunks/1cde_next_dist_0s-zltk._.js:776
[     196ms] [LOG] [HMR] connected @ http://localhost:3000/_next/static/chunks/1cde_next_dist_0s-zltk._.js:776
[     275ms] [ERROR] Base UI: A component that acts as a button expected a native <button> because the `nativeButton` prop is true. Rendering a non-<button> removes native button semantics, which can impact forms and accessibility. Use a real <button> in the `render` prop, or set `nativeButton` to `false`.
    at Button (about://React/Server/file:///home/sprint/w/projects/rodeo-arena/.next/dev/server/chunks/ssr/%255Broot-of-the-server%255D__09nunwt._.js?id=%255Bproject%255D/src/components/ui/button.tsx+%255Bapp-rsc%255D+(ecmascript)?19:45:471)
    at LinkDashboard (about://React/Server/file:///home/sprint/w/projects/rodeo-arena/.next/dev/server/chunks/ssr/%255Broot-of-the-server%255D__09nunwt._.js?id=%255Bproject%255D/src/components/ui/dashboard/LinkDashboard.tsx+%255Bapp-rsc%255D+(ecmascript)?10:17:471)
    at eval (about://React/Server/file:///home/sprint/w/projects/rodeo-arena/.next/dev/server/chunks/ssr/%255Broot-of-the-server%255D__09nunwt._.js?id=%255Bproject%255D/src/components/ui/dashboard/AppSidebar.tsx+%255Bapp-rsc%255D+(ecmascript)?6:44:651)
    at Array.map (<anonymous>:1:18)
    at AppSidebar (about://React/Server/file:///home/sprint/w/projects/rodeo-arena/.next/dev/server/chunks/ssr/%255Broot-of-the-server%255D__09nunwt._.js?id=%255Bproject%255D/src/components/ui/dashboard/AppSidebar.tsx+%255Bapp-rsc%255D+(ecmascript)?7:44:180)
    at RootLayout (about://React/Server/file:///home/sprint/w/projects/rodeo-arena/.next/dev/server/chunks/ssr/%5Broot-of-the-server%5D__09nunwt._.js?4:45:472) @ http://localhost:3000/_next/static/chunks/1cde_next_dist_0s-zltk._.js:1052
[   29407ms] [LOG] [Fast Refresh] rebuilding @ http://localhost:3000/_next/static/chunks/1cde_next_dist_0s-zltk._.js:776
[   29462ms] [LOG] [Fast Refresh] done in 8ms @ http://localhost:3000/_next/static/chunks/1cde_next_dist_0s-zltk._.js:776
[   29581ms] ReferenceError: cn is not defined
    at LinkDashboard (about://React/Server/file:///home/sprint/w/projects/rodeo-arena/.next/dev/server/chunks/ssr/%255Broot-of-the-server%255D__09nunwt._.js?id=%255Bproject%255D/src/components/ui/dashboard/LinkDashboard.tsx+%255Bapp-rsc%255D+(ecmascript)?26:25:20)
    at resolveErrorDev (http://localhost:3000/_next/static/chunks/1cde_next_dist_compiled_react-server-dom-turbopack_1t6yvrv._.js:1937:150)
    at processFullStringRow (http://localhost:3000/_next/static/chunks/1cde_next_dist_compiled_react-server-dom-turbopack_1t6yvrv._.js:2456:29)
    at processFullBinaryRow (http://localhost:3000/_next/static/chunks/1cde_next_dist_compiled_react-server-dom-turbopack_1t6yvrv._.js:2415:9)
    at processBinaryChunk (http://localhost:3000/_next/static/chunks/1cde_next_dist_compiled_react-server-dom-turbopack_1t6yvrv._.js:2524:221)
    at progress (http://localhost:3000/_next/static/chunks/1cde_next_dist_compiled_react-server-dom-turbopack_1t6yvrv._.js:2711:13)
[   29644ms] [LOG] [Fast Refresh] done in 8ms @ http://localhost:3000/_next/static/chunks/1cde_next_dist_0s-zltk._.js:776
[   29779ms] [LOG] [Fast Refresh] done in 8ms @ http://localhost:3000/_next/static/chunks/1cde_next_dist_0s-zltk._.js:776
[   31802ms] [LOG] [Fast Refresh] done in 2345ms @ http://localhost:3000/_next/static/chunks/1cde_next_dist_0s-zltk._.js:776
[   32148ms] [INFO] %cDownload the React DevTools for a better development experience: https://react.dev/link/react-devtools font-weight:bold @ http://localhost:3000/_next/static/chunks/1cde_next_dist_0s-zltk._.js:776
[   32209ms] [LOG] [HMR] connected @ http://localhost:3000/_next/static/chunks/1cde_next_dist_0s-zltk._.js:776
[   32312ms] [ERROR] Base UI: A component that acts as a button expected a native <button> because the `nativeButton` prop is true. Rendering a non-<button> removes native button semantics, which can impact forms and accessibility. Use a real <button> in the `render` prop, or set `nativeButton` to `false`.
    at Button (about://React/Server/file:///home/sprint/w/projects/rodeo-arena/.next/dev/server/chunks/ssr/%255Broot-of-the-server%255D__09nunwt._.js?id=%255Bproject%255D/src/components/ui/button.tsx+%255Bapp-rsc%255D+(ecmascript)?19:45:471)
    at LinkDashboard (about://React/Server/file:///home/sprint/w/projects/rodeo-arena/.next/dev/server/chunks/ssr/%255Broot-of-the-server%255D__09nunwt._.js?id=%255Bproject%255D/src/components/ui/dashboard/LinkDashboard.tsx+%255Bapp-rsc%255D+(ecmascript)?10:19:471)
    at eval (about://React/Server/file:///home/sprint/w/projects/rodeo-arena/.next/dev/server/chunks/ssr/%255Broot-of-the-server%255D__09nunwt._.js?id=%255Bproject%255D/src/components/ui/dashboard/AppSidebar.tsx+%255Bapp-rsc%255D+(ecmascript)?6:44:651)
    at Array.map (<anonymous>:1:18)
    at AppSidebar (about://React/Server/file:///home/sprint/w/projects/rodeo-arena/.next/dev/server/chunks/ssr/%255Broot-of-the-server%255D__09nunwt._.js?id=%255Bproject%255D/src/components/ui/dashboard/AppSidebar.tsx+%255Bapp-rsc%255D+(ecmascript)?7:44:180)
    at RootLayout (about://React/Server/file:///home/sprint/w/projects/rodeo-arena/.next/dev/server/chunks/ssr/%5Broot-of-the-server%5D__09nunwt._.js?4:45:472) @ http://localhost:3000/_next/static/chunks/1cde_next_dist_0s-zltk._.js:1052
